[www.toptal.com/developers/sorting-algorithms.html]
[backblue.gif]
[fade.gif]
[index.html]
[www.toptal.com/developers/blog.rss]
[bs-uploads.toptal.io/blackfish-uploads/generic_page/seo/og_image_file/og_image/27769/og_image_76642a-76642aa3fbe8f00d2a15c9c80eec68e6.jpg]
[www.google.com/recaptcha/api.js]
[appinfo.toptal.com/script.js]
[bs-assets.toptal.io/blackfish-assets/public/base/images/favicons/toptal-blog-favicon32x32_c2c2ba.png]
[bs-assets.toptal.io/blackfish-assets/public/base/images/favicons/toptal-blog-favicon57x57_2ec58c.png]
[bs-assets.toptal.io/blackfish-assets/public/base/images/favicons/toptal-blog-favicon72x72_7485f3.png]
[bs-assets.toptal.io/blackfish-assets/public/base/images/favicons/toptal-blog-favicon114x114_01eb8c.png]
[ajax.googleapis.com/ajax/libs/jquery/2.2.0/jquery.min.js]
[bs-assets.toptal.io/blackfish-assets/public_base_styles.5ea0cf22c308bb4ab5bb6245364b2803.css]
[bs-assets.toptal.io/blackfish-assets/public_sorting_algorithms_styles.a7b35d274bd054c5ae6ad2648435b4b9.css]
[bs-assets.toptal.io/blackfish-assets/public/base/images/primitives/social/share_bar/linkedin_b923c3.png]
[bs-assets.toptal.io/blackfish-assets/public/base/images/primitives/social/share_bar/twitter_83c6d4.png]
[bs-assets.toptal.io/blackfish-assets/public/base/images/primitives/social/share_bar/facebook_dc66c9.png]
[bs-assets.toptal.io/blackfish-assets/public/pages/sorting_algorithms/images/play_blue_8556fc.png]
[www.toptal.com/developers/sorting-algorithms/insertion-sort.html]
[www.toptal.com/developers/sorting-algorithms/selection-sort.html]
[www.toptal.com/developers/sorting-algorithms/bubble-sort.html]
[www.toptal.com/developers/sorting-algorithms/shell-sort.html]
[www.toptal.com/developers/sorting-algorithms/merge-sort.html]
[www.toptal.com/developers/sorting-algorithms/heap-sort.html]
[www.toptal.com/developers/sorting-algorithms/quick-sort.html]
[www.toptal.com/developers/sorting-algorithms/quick-sort-3-way.html]
[www.toptal.com/developers/sorting-algorithms/random-initial-order.html]
[bs-uploads.toptal.io/blackfish-uploads/sorting_algorithms_page/content/illustration/static_image_file/static_image/27770/insertion-sort-0-dc86a88ab889d19e8ffad6cba3eb6e2f.gif]
[bs-uploads.toptal.io/blackfish-uploads/sorting_algorithms_page/content/illustration/static_image_file/static_image/27802/selection-sort-0-dc86a88ab889d19e8ffad6cba3eb6e2f.gif]
[bs-uploads.toptal.io/blackfish-uploads/sorting_algorithms_page/content/illustration/static_image_file/static_image/27834/bubble-sort-0-dc86a88ab889d19e8ffad6cba3eb6e2f.gif]
[bs-uploads.toptal.io/blackfish-uploads/sorting_algorithms_page/content/illustration/static_image_file/static_image/27866/shell-sort-0-dc86a88ab889d19e8ffad6cba3eb6e2f.gif]
[bs-uploads.toptal.io/blackfish-uploads/sorting_algorithms_page/content/illustration/static_image_file/static_image/27898/merge-sort-0-dc86a88ab889d19e8ffad6cba3eb6e2f.gif]
[bs-uploads.toptal.io/blackfish-uploads/sorting_algorithms_page/content/illustration/static_image_file/static_image/27930/heap-sort-0-dc86a88ab889d19e8ffad6cba3eb6e2f.gif]
[bs-uploads.toptal.io/blackfish-uploads/sorting_algorithms_page/content/illustration/static_image_file/static_image/27962/quick-sort-0-dc86a88ab889d19e8ffad6cba3eb6e2f.gif]
[bs-uploads.toptal.io/blackfish-uploads/sorting_algorithms_page/content/illustration/static_image_file/static_image/27994/quick-sort-3-way-0-dc86a88ab889d19e8ffad6cba3eb6e2f.gif]
[www.toptal.com/developers/sorting-algorithms/nearly-sorted-initial-order.html]
[bs-uploads.toptal.io/blackfish-uploads/sorting_algorithms_page/content/illustration/static_image_file/static_image/27778/insertion-sort-0-2574ce46d0886b16887e6f5baff4071c.gif]
[bs-uploads.toptal.io/blackfish-uploads/sorting_algorithms_page/content/illustration/static_image_file/static_image/27810/selection-sort-0-2574ce46d0886b16887e6f5baff4071c.gif]
[bs-uploads.toptal.io/blackfish-uploads/sorting_algorithms_page/content/illustration/static_image_file/static_image/27842/bubble-sort-0-2574ce46d0886b16887e6f5baff4071c.gif]
[bs-uploads.toptal.io/blackfish-uploads/sorting_algorithms_page/content/illustration/static_image_file/static_image/27874/shell-sort-0-2574ce46d0886b16887e6f5baff4071c.gif]
[bs-uploads.toptal.io/blackfish-uploads/sorting_algorithms_page/content/illustration/static_image_file/static_image/27906/merge-sort-0-2574ce46d0886b16887e6f5baff4071c.gif]
[bs-uploads.toptal.io/blackfish-uploads/sorting_algorithms_page/content/illustration/static_image_file/static_image/27938/heap-sort-0-2574ce46d0886b16887e6f5baff4071c.gif]
[bs-uploads.toptal.io/blackfish-uploads/sorting_algorithms_page/content/illustration/static_image_file/static_image/27970/quick-sort-0-2574ce46d0886b16887e6f5baff4071c.gif]
[bs-uploads.toptal.io/blackfish-uploads/sorting_algorithms_page/content/illustration/static_image_file/static_image/28002/quick-sort-3-way-0-2574ce46d0886b16887e6f5baff4071c.gif]
[www.toptal.com/developers/sorting-algorithms/reversed-initial-order.html]
[bs-uploads.toptal.io/blackfish-uploads/sorting_algorithms_page/content/illustration/static_image_file/static_image/27786/insertion-sort-0-09cbac8a6211b64104a725afe9405fc0.gif]
[bs-uploads.toptal.io/blackfish-uploads/sorting_algorithms_page/content/illustration/static_image_file/static_image/27818/selection-sort-0-09cbac8a6211b64104a725afe9405fc0.gif]
[bs-uploads.toptal.io/blackfish-uploads/sorting_algorithms_page/content/illustration/static_image_file/static_image/27850/bubble-sort-0-09cbac8a6211b64104a725afe9405fc0.gif]
[bs-uploads.toptal.io/blackfish-uploads/sorting_algorithms_page/content/illustration/static_image_file/static_image/27882/shell-sort-0-09cbac8a6211b64104a725afe9405fc0.gif]
[bs-uploads.toptal.io/blackfish-uploads/sorting_algorithms_page/content/illustration/static_image_file/static_image/27914/merge-sort-0-09cbac8a6211b64104a725afe9405fc0.gif]
[bs-uploads.toptal.io/blackfish-uploads/sorting_algorithms_page/content/illustration/static_image_file/static_image/27946/heap-sort-0-09cbac8a6211b64104a725afe9405fc0.gif]
[bs-uploads.toptal.io/blackfish-uploads/sorting_algorithms_page/content/illustration/static_image_file/static_image/27978/quick-sort-0-09cbac8a6211b64104a725afe9405fc0.gif]
[bs-uploads.toptal.io/blackfish-uploads/sorting_algorithms_page/content/illustration/static_image_file/static_image/28010/quick-sort-3-way-0-09cbac8a6211b64104a725afe9405fc0.gif]
[www.toptal.com/developers/sorting-algorithms/few-unique-keys.html]
[bs-uploads.toptal.io/blackfish-uploads/sorting_algorithms_page/content/illustration/static_image_file/static_image/27794/insertion-sort-0-1f040b57885b112e7bd0f429eac43ec6.gif]
[bs-uploads.toptal.io/blackfish-uploads/sorting_algorithms_page/content/illustration/static_image_file/static_image/27826/selection-sort-0-1f040b57885b112e7bd0f429eac43ec6.gif]
[bs-uploads.toptal.io/blackfish-uploads/sorting_algorithms_page/content/illustration/static_image_file/static_image/27858/bubble-sort-0-1f040b57885b112e7bd0f429eac43ec6.gif]
[bs-uploads.toptal.io/blackfish-uploads/sorting_algorithms_page/content/illustration/static_image_file/static_image/27890/shell-sort-0-1f040b57885b112e7bd0f429eac43ec6.gif]
[bs-uploads.toptal.io/blackfish-uploads/sorting_algorithms_page/content/illustration/static_image_file/static_image/27922/merge-sort-0-1f040b57885b112e7bd0f429eac43ec6.gif]
[bs-uploads.toptal.io/blackfish-uploads/sorting_algorithms_page/content/illustration/static_image_file/static_image/27954/heap-sort-0-1f040b57885b112e7bd0f429eac43ec6.gif]
[bs-uploads.toptal.io/blackfish-uploads/sorting_algorithms_page/content/illustration/static_image_file/static_image/27986/quick-sort-0-1f040b57885b112e7bd0f429eac43ec6.gif]
[bs-uploads.toptal.io/blackfish-uploads/sorting_algorithms_page/content/illustration/static_image_file/static_image/28018/quick-sort-3-way-0-1f040b57885b112e7bd0f429eac43ec6.gif]
[bs-assets.toptal.io/blackfish-assets/public_base_js.07c05d9827b9c7fc0920.js]
[bs-assets.toptal.io/blackfish-assets/public_sorting_algorithms_js.be6eec2087ab1abb361e.js]
[www.toptal.com/developers/'https_/www.toptal.com/cookie-policy'_cookie]
[connect.facebook.net/en_US/fbevents.js]
[js.hs-scripts.com/2799924.js]
[www.toptal.com/developers/sorting-algorithms.html]
[bs-assets.toptal.io/blackfish-assets/7e21106cfaee6810c117d150a28c79dd.woff2]
[bs-assets.toptal.io/blackfish-assets/22011fa83377b58b330090582b2be3e3.woff]
[bs-assets.toptal.io/blackfish-assets/284561febf8d2608625142c4c5a0be05.otf]
[bs-assets.toptal.io/blackfish-assets/427e348e30259e82835b923a946530a1.woff2]
[bs-assets.toptal.io/blackfish-assets/768f38d95d4ade8f29b58f6b8bf55d49.woff]
[bs-assets.toptal.io/blackfish-assets/ac51ad8a36d5bab6da11d454bcd06561.otf]
[bs-assets.toptal.io/blackfish-assets/40a6e2b8c2bc99f6d71b9f93dbf695fe.woff2]
[bs-assets.toptal.io/blackfish-assets/7cac85ffd14a52221fddc4c497dfd26c.woff]
[bs-assets.toptal.io/blackfish-assets/bf9f5d50c1b928ff21436517a1a95ad9.otf]
[bs-assets.toptal.io/blackfish-assets/3fb023cbbea947bff794503fdfba1cec.woff2]
[bs-assets.toptal.io/blackfish-assets/791f9bea40ce639002df71e98e01176c.woff]
[bs-assets.toptal.io/blackfish-assets/f14eee643541cf03a10f26c944cc29f5.otf]
[bs-assets.toptal.io/blackfish-assets/cf9a74845c1e3f6d0b7f8b4e351b3971.woff2]
[bs-assets.toptal.io/blackfish-assets/00314075ec9f213755424089877a8298.woff]
[bs-assets.toptal.io/blackfish-assets/72b6f2c9990bd3d37b8013a59ed78902.otf]
[bs-assets.toptal.io/blackfish-assets/public/base/images/signup/background_d38177.jpg]
[bs-assets.toptal.io/blackfish-assets/public/base/images/icons/checkbox-tick_13fe81.png]
[bs-assets.toptal.io/blackfish-assets/public/base/images/primitives/icon/lock_ed584f.png]
[bs-assets.toptal.io/blackfish-assets/public/base/images/icons/select-arrow_6ae096.png]
[bs-assets.toptal.io/blackfish-assets/public/base/images/header/toptal_dbec52.svg]
[bs-assets.toptal.io/blackfish-assets/public/base/images/primitives/icon/expand_26c011.png]
[bs-assets.toptal.io/blackfish-assets/public_base_styles.5ea0cf22c308bb4ab5bb6245364b2803.css]
[bs-assets.toptal.io/blackfish-assets/public/pages/sorting_algorithms/images/play_black_168d92.png]
[bs-assets.toptal.io/blackfish-assets/public/pages/sorting_algorithms/images/play_white_0f705f.png]
[bs-assets.toptal.io/blackfish-assets/public_sorting_algorithms_styles.a7b35d274bd054c5ae6ad2648435b4b9.css]
[www.toptal.com/developers/sorting-algorithms/'https_/www.toptal.com/cookie-policy'_cookie]
[www.toptal.com/developers/sorting-algorithms/insertion-sort.html]
[www.toptal.com/developers/sorting-algorithms/selection-sort.html]
[www.toptal.com/developers/sorting-algorithms/bubble-sort.html]
[www.toptal.com/developers/sorting-algorithms/shell-sort.html]
[www.toptal.com/developers/sorting-algorithms/merge-sort.html]
[www.toptal.com/developers/sorting-algorithms/heap-sort.html]
[www.toptal.com/developers/sorting-algorithms/quick-sort.html]
[www.toptal.com/developers/sorting-algorithms/quick-sort-3-way.html]
[www.toptal.com/developers/sorting-algorithms/random-initial-order.html]
[www.toptal.com/developers/sorting-algorithms/nearly-sorted-initial-order.html]
[www.toptal.com/developers/sorting-algorithms/reversed-initial-order.html]
[www.toptal.com/developers/sorting-algorithms/few-unique-keys.html]
[www.toptal.com/developers/'https_/www.toptal.com/cookie-policy'_cookie.html]
[www.toptal.com/developers/b]
[www.toptal.com/developers/post]
[connect.facebook.net/en_US/fbevents.js]
[www.googletagmanager.com/gtm5445.html]
[bs-assets.toptal.io/blackfish-assets/public/base/images/header/toptal_dbec52.svg]
[www.toptal.com/developers/sorting-algorithms/'https_/www.toptal.com/cookie-policy'_cookie.html]
[www.toptal.com/developers/b.html]
[www.toptal.com/developers/post.html]
